    Checking crypto-common v0.1.6
    Checking tracing v0.1.44
   Compiling ninepe-server v1.0.0 (/home/scott/Repo/9pe-server)
    Checking digest v0.10.7
warning: unused variable: `out_dir`
   --> build.rs:176:9
    |
176 |     let out_dir = PathBuf::from(env::var("OUT_DIR").unwrap());
    |         ^^^^^^^ help: if this is intentional, prefix it with an underscore: `_out_dir`
    |
    = note: `#[warn(unused_variables)]` on by default

    Checking trust-dns-proto v0.22.0
    Checking tracing-subscriber v0.3.22
    Checking sha2 v0.10.9
    Checking curve25519-dalek v4.1.3
    Checking hmac v0.12.1
    Checking hkdf v0.12.4
warning: `ninepe-server` (build script) generated 1 warning
    Checking wasmtime-internal-cache v41.0.1
warning: ninepe-server@1.0.0: Using pre-built Intel oneAPI SYCL library
warning: ninepe-server@1.0.0: Using pre-built AdaptiveCpp SYCL library
warning: ninepe-server@1.0.0: SYCL backends available: Intel oneAPI, AdaptiveCpp
warning: ninepe-server@1.0.0: Both backends built as separate shared libraries
warning: ninepe-server@1.0.0: Runtime will dynamically load appropriate backend per GPU
warning: ninepe-server@1.0.0: No static linking - using dlopen via libloading crate
    Checking wasmtime v41.0.1
    Checking ed25519-dalek v2.2.0
    Checking x25519-dalek v2.0.1
    Checking libp2p-identity v0.2.13
    Checking tracing-appender v0.2.4
    Checking multiaddr v0.18.2
    Checking libp2p-core v0.40.1
    Checking libp2p-swarm v0.43.7
    Checking libp2p-yamux v0.44.1
    Checking libp2p-tcp v0.40.1
    Checking libp2p-noise v0.43.2
    Checking libp2p-request-response v0.25.3
    Checking libp2p-relay v0.16.2
    Checking libp2p-gossipsub v0.45.2
    Checking libp2p-identify v0.43.1
    Checking libp2p-allow-block-list v0.2.0
    Checking libp2p-dcutr v0.10.0
    Checking libp2p-mdns v0.44.0
    Checking libp2p-connection-limits v0.2.1
    Checking libp2p-kad v0.44.6
    Checking libp2p-autonat v0.11.0
    Checking libp2p v0.52.4
    Checking wasmtime-wasi-io v41.0.1
    Checking wiggle v41.0.1
    Checking wasmtime-wasi v41.0.1
error: this file contains an unclosed delimiter
   --> src/server/handler/basic_ops.rs:789:3
    |
  9 |             if let Err(e) = dag.add_block(block) {
    |                                                  - unclosed delimiter
...
789 | }
    |  ^

warning: ninepe-server@1.0.0: Using pre-built Intel oneAPI SYCL library
warning: ninepe-server@1.0.0: Using pre-built AdaptiveCpp SYCL library
warning: ninepe-server@1.0.0: SYCL backends available: Intel oneAPI, AdaptiveCpp
warning: ninepe-server@1.0.0: Both backends built as separate shared libraries
warning: ninepe-server@1.0.0: Runtime will dynamically load appropriate backend per GPU
warning: ninepe-server@1.0.0: No static linking - using dlopen via libloading crate
error: could not compile `ninepe-server` (lib) due to 1 previous error
