warning: unused variable: `out_dir`
   --> build.rs:176:9
    |
176 |     let out_dir = PathBuf::from(env::var("OUT_DIR").unwrap());
    |         ^^^^^^^ help: if this is intentional, prefix it with an underscore: `_out_dir`
    |
    = note: `#[warn(unused_variables)]` on by default

warning: `ninepe-server` (build script) generated 1 warning
warning: ninepe-server@1.0.0: Using pre-built Intel oneAPI SYCL library
warning: ninepe-server@1.0.0: Using pre-built AdaptiveCpp SYCL library
warning: ninepe-server@1.0.0: SYCL backends available: Intel oneAPI, AdaptiveCpp
warning: ninepe-server@1.0.0: Both backends built as separate shared libraries
warning: ninepe-server@1.0.0: Runtime will dynamically load appropriate backend per GPU
warning: ninepe-server@1.0.0: No static linking - using dlopen via libloading crate
    Checking ninepe-server v1.0.0 (/home/scott/Repo/9pe-server)
warning: unused import: `Context`
 --> src/consensus/crypto.rs:1:14
  |
1 | use anyhow::{Context, Result};
  |              ^^^^^^^
  |
  = note: `#[warn(unused_imports)]` on by default

warning: unused import: `rustls::server::AllowAnyAuthenticatedClient`
  --> src/transport.rs:10:5
   |
10 | use rustls::server::AllowAnyAuthenticatedClient;
   |     ^^^^^^^^^^^^^^^^^^^^^^^^^^^^^^^^^^^^^^^^^^^

warning: unused import: `rustls::Error as RustlsError`
  --> src/transport.rs:12:5
   |
12 | use rustls::Error as RustlsError;
   |     ^^^^^^^^^^^^^^^^^^^^^^^^^^^^

warning: unused import: `SystemTime`
  --> src/transport.rs:17:27
   |
17 | use std::time::{Duration, SystemTime};
   |                           ^^^^^^^^^^

warning: unused import: `NistP256`
  --> src/identity.rs:12:12
   |
12 | use p256::{NistP256, PublicKey as P256PublicKey, SecretKey as P256SecretKey};
   |            ^^^^^^^^

warning: ambiguous glob re-exports
   --> src/lib.rs:61:9
    |
 61 | pub use protocol::*;
    |         ^^^^^^^^^^^ the name `ProtocolError` in the type namespace is first re-exported here
...
140 | pub use error::*;
    |         -------- but the name `ProtocolError` in the type namespace is also re-exported here
    |
    = note: `#[warn(ambiguous_glob_reexports)]` on by default

warning: ambiguous glob re-exports
   --> src/lib.rs:63:9
    |
 63 | pub use translators::*;
    |         ^^^^^^^^^^^^^^ the name `Translator` in the type namespace is first re-exported here
...
142 | pub use traits::*;
    |         --------- but the name `Translator` in the type namespace is also re-exported here

warning: ambiguous glob re-exports
  --> src/lib.rs:63:9
   |
63 | pub use translators::*;
   |         ^^^^^^^^^^^^^^ the name `TranslatorInfo` in the type namespace is first re-exported here
...
92 | pub use settrans::*;
   |         ----------- but the name `TranslatorInfo` in the type namespace is also re-exported here

warning: unused import: `crate::synth::SyntheticFilesystem`
  --> src/server/builder.rs:11:5
   |
11 | use crate::synth::SyntheticFilesystem;
   |     ^^^^^^^^^^^^^^^^^^^^^^^^^^^^^^^^^

warning: unused import: `BoundedGhostdag`
 --> src/server/handler/basic_ops.rs:3:24
  |
3 | use crate::consensus::{BoundedGhostdag, NamespaceOp};
  |                        ^^^^^^^^^^^^^^^

warning: unused import: `crate::wasm::ThreadSafeTranslatorRegistry`
  --> src/server/handler/basic_ops.rs:17:5
   |
17 | use crate::wasm::ThreadSafeTranslatorRegistry;
   |     ^^^^^^^^^^^^^^^^^^^^^^^^^^^^^^^^^^^^^^^^^

warning: unused import: `crate::settrans::VirtualSettransSystem`
  --> src/server/handler/basic_ops.rs:18:5
   |
18 | use crate::settrans::VirtualSettransSystem;
   |     ^^^^^^^^^^^^^^^^^^^^^^^^^^^^^^^^^^^^^^

warning: unused import: `crate::dht::SovereignDht`
  --> src/server/handler/basic_ops.rs:19:5
   |
19 | use crate::dht::SovereignDht;
   |     ^^^^^^^^^^^^^^^^^^^^^^^^

warning: unused import: `crate::settrans::VirtualSettransSystem`
 --> src/server/handler/ninep_extensions.rs:8:5
  |
8 | use crate::settrans::VirtualSettransSystem;
  |     ^^^^^^^^^^^^^^^^^^^^^^^^^^^^^^^^^^^^^^

warning: unused import: `crate::synth::SyntheticFilesystem`
 --> src/server/handler/ninep_extensions.rs:9:5
  |
9 | use crate::synth::SyntheticFilesystem;
  |     ^^^^^^^^^^^^^^^^^^^^^^^^^^^^^^^^^

warning: unused import: `crate::wasm::ThreadSafeTranslatorRegistry`
  --> src/server/handler/ninep_extensions.rs:10:5
   |
10 | use crate::wasm::ThreadSafeTranslatorRegistry;
   |     ^^^^^^^^^^^^^^^^^^^^^^^^^^^^^^^^^^^^^^^^^

warning: unused import: `crate::consensus::BoundedGhostdag`
  --> src/server/handler/mod.rs:13:5
   |
13 | use crate::consensus::BoundedGhostdag;
   |     ^^^^^^^^^^^^^^^^^^^^^^^^^^^^^^^^^

warning: unused import: `crate::settrans::VirtualSettransSystem`
  --> src/server/handler/mod.rs:15:5
   |
15 | use crate::settrans::VirtualSettransSystem;
   |     ^^^^^^^^^^^^^^^^^^^^^^^^^^^^^^^^^^^^^^

warning: unused import: `crate::synth::SyntheticFilesystem`
  --> src/server/handler/mod.rs:16:5
   |
16 | use crate::synth::SyntheticFilesystem;
   |     ^^^^^^^^^^^^^^^^^^^^^^^^^^^^^^^^^

warning: unused import: `crate::wasm::ThreadSafeTranslatorRegistry`
  --> src/server/handler/mod.rs:17:5
   |
17 | use crate::wasm::ThreadSafeTranslatorRegistry;
   |     ^^^^^^^^^^^^^^^^^^^^^^^^^^^^^^^^^^^^^^^^^

warning: unused import: `WasiCtx`
  --> src/wasm/threadsafe.rs:20:21
   |
20 | use wasmtime_wasi::{WasiCtx, WasiCtxBuilder};
   |                     ^^^^^^^

warning: ambiguous glob re-exports
   --> src/lib.rs:90:9
    |
 90 | pub use server::*;
    |         ^^^^^^^^^ the name `ServerConfig` in the type namespace is first re-exported here
...
131 | pub use config::*;
    |         --------- but the name `ServerConfig` in the type namespace is also re-exported here

warning: unused imports: `BlockState` and `BoundedGhostdag`
  --> src/namespace_manager.rs:10:17
   |
10 |     consensus::{BlockState, BoundedGhostdag, NamespaceOp},
   |                 ^^^^^^^^^^  ^^^^^^^^^^^^^^^

warning: unused import: `crate::consensus::GhostdagBlock as Block`
   --> src/namespace_manager.rs:401:17
    |
401 |             use crate::consensus::GhostdagBlock as Block;
    |                 ^^^^^^^^^^^^^^^^^^^^^^^^^^^^^^^^^^^^^^^^

warning: unused import: `crate::consensus::GhostdagBlock as Block`
   --> src/namespace_manager.rs:604:17
    |
604 |             use crate::consensus::GhostdagBlock as Block;
    |                 ^^^^^^^^^^^^^^^^^^^^^^^^^^^^^^^^^^^^^^^^

warning: unused import: `WorkReceipt`
  --> src/mesh.rs:25:67
   |
25 | use crate::identity::{NodeId, NodePermissions, SovereignIdentity, WorkReceipt};
   |                                                                   ^^^^^^^^^^^

warning: ambiguous glob re-exports
   --> src/lib.rs:136:9
    |
136 | pub use compute_control::*;
    |         ^^^^^^^^^^^^^^^^^^ the name `JobStatus` in the type namespace is first re-exported here
...
142 | pub use traits::*;
    |         --------- but the name `JobStatus` in the type namespace is also re-exported here

warning: ambiguous glob re-exports
   --> src/lib.rs:136:9
    |
136 | pub use compute_control::*;
    |         ^^^^^^^^^^^^^^^^^^ the name `ComputeJob` in the type namespace is first re-exported here
...
142 | pub use traits::*;
    |         --------- but the name `ComputeJob` in the type namespace is also re-exported here

warning: ambiguous glob re-exports
   --> src/lib.rs:142:9
    |
135 | pub use sycl::*;
    |         ------- but the name `DeviceInfo` in the type namespace is also re-exported here
...
142 | pub use traits::*;
    |         ^^^^^^^^^ the name `DeviceInfo` in the type namespace is first re-exported here

warning: unused import: `std::path::PathBuf`
 --> src/ipc/shm.rs:5:5
  |
5 | use std::path::PathBuf;
  |     ^^^^^^^^^^^^^^^^^^

warning: unused import: `DerefMut`
 --> src/ipc/shm.rs:6:23
  |
6 | use std::ops::{Deref, DerefMut};
  |                       ^^^^^^^^

warning: unused variable: `record`
   --> src/transport.rs:321:13
    |
321 |         let record = dht
    |             ^^^^^^ help: if this is intentional, prefix it with an underscore: `_record`
    |
    = note: `#[warn(unused_variables)]` on by default

error[E0061]: this function takes 1 argument but 2 arguments were supplied
   --> src/server/builder.rs:234:28
    |
234 |         let shm = Arc::new(crate::ipc::SharedMemoryManager::new(memory_manager, default_pool));
    |                            ^^^^^^^^^^^^^^^^^^^^^^^^^^^^^^^^^^^^                 ------------ unexpected argument #2 of type `usize`
    |
note: associated function defined here
   --> src/ipc/shm.rs:39:12
    |
 39 |     pub fn new(memory_manager: Arc<MemoryManager>) -> Result<Self> {
    |            ^^^
help: remove the extra argument
    |
234 -         let shm = Arc::new(crate::ipc::SharedMemoryManager::new(memory_manager, default_pool));
234 +         let shm = Arc::new(crate::ipc::SharedMemoryManager::new(memory_manager));
    |

error[E0063]: missing fields `settrans_directory` and `translator_directory` in initializer of `server::ServerConfig`
   --> src/server/builder.rs:236:22
    |
236 |         let config = ServerConfig {
    |                      ^^^^^^^^^^^^ missing `settrans_directory` and `translator_directory`

error[E0308]: mismatched types
   --> src/server/builder.rs:261:13
    |
257 |         Server::new(
    |         ----------- arguments to this function are incorrect
...
261 |             shm,
    |             ^^^ expected `Arc<SharedMemoryManager>`, found `Arc<Result<SharedMemoryManager, Error>>`
    |
    = note: expected struct `Arc<shm::SharedMemoryManager>`
               found struct `Arc<std::result::Result<shm::SharedMemoryManager, anyhow::Error>>`
note: associated function defined here
   --> src/server/mod.rs:91:25
    |
 91 |     pub(crate) async fn new(
    |                         ^^^
...
 95 |         shm: Arc<crate::ipc::SharedMemoryManager>,
    |         -----------------------------------------

warning: unused variable: `now`
   --> src/server/handler/basic_ops.rs:508:25
    |
508 |                     let now = std::time::SystemTime::now()
    |                         ^^^ help: if this is intentional, prefix it with an underscore: `_now`

warning: unused variable: `crypto`
   --> src/server/mod.rs:228:17
    |
228 |             let crypto = Arc::new(crate::consensus::crypto::Ed25519Provider::new()?);
    |                 ^^^^^^ help: if this is intentional, prefix it with an underscore: `_crypto`

warning: unused variable: `public_key`
   --> src/server/mod.rs:246:28
    |
246 |                         Ok(public_key) => {
    |                            ^^^^^^^^^^ help: if this is intentional, prefix it with an underscore: `_public_key`

warning: unused variable: `pk`
   --> src/server/mod.rs:473:36
    |
473 | ...                   Ok(pk) => {
    |                          ^^ help: if this is intentional, prefix it with an underscore: `_pk`

error[E0382]: use of moved value: `self.config.node_id`
   --> src/server/mod.rs:455:34
    |
455 |                     tokio::spawn(async move {
    |                                  ^^^^^^^^^^ value moved here, in previous iteration of loop
456 |                         let peer_id_str = &self.config.node_id;
    |                                            ------------------- use occurs due to use in coroutine
    |
    = note: move occurs because `self.config.node_id` has type `std::string::String`, which does not implement the `Copy` trait

warning: variable does not need to be mutable
   --> src/wasm/threadsafe.rs:990:13
    |
990 |         let mut result = vec![0f32; a.len()];
    |             ----^^^^^^
    |             |
    |             help: remove this `mut`
    |
    = note: `#[warn(unused_mut)]` on by default

warning: variable does not need to be mutable
   --> src/transport.rs:355:9
    |
355 |     let mut server_config = rustls::ServerConfig::builder()
    |         ----^^^^^^^^^^^^^
    |         |
    |         help: remove this `mut`

warning: unused variable: `b`
   --> src/gpu/xmx.rs:113:5
    |
113 |     b: &[f32],
    |     ^ help: if this is intentional, prefix it with an underscore: `_b`

warning: unused variable: `precision`
   --> src/gpu/xmx.rs:114:5
    |
114 |     precision: XmxPrecision,
    |     ^^^^^^^^^ help: if this is intentional, prefix it with an underscore: `_precision`

Some errors have detailed explanations: E0061, E0063, E0308, E0382.
For more information about an error, try `rustc --explain E0061`.
warning: `ninepe-server` (lib) generated 40 warnings
warning: ninepe-server@1.0.0: Using pre-built Intel oneAPI SYCL library
warning: ninepe-server@1.0.0: Using pre-built AdaptiveCpp SYCL library
warning: ninepe-server@1.0.0: SYCL backends available: Intel oneAPI, AdaptiveCpp
warning: ninepe-server@1.0.0: Both backends built as separate shared libraries
warning: ninepe-server@1.0.0: Runtime will dynamically load appropriate backend per GPU
warning: ninepe-server@1.0.0: No static linking - using dlopen via libloading crate
error: could not compile `ninepe-server` (lib) due to 4 previous errors; 40 warnings emitted
