warning: unused variable: `out_dir`
   --> build.rs:176:9
    |
176 |     let out_dir = PathBuf::from(env::var("OUT_DIR").unwrap());
    |         ^^^^^^^ help: if this is intentional, prefix it with an underscore: `_out_dir`
    |
    = note: `#[warn(unused_variables)]` on by default

warning: `ninepe-server` (build script) generated 1 warning
warning: ninepe-server@1.0.0: Using pre-built Intel oneAPI SYCL library
warning: ninepe-server@1.0.0: Using pre-built AdaptiveCpp SYCL library
warning: ninepe-server@1.0.0: SYCL backends available: Intel oneAPI, AdaptiveCpp
warning: ninepe-server@1.0.0: Both backends built as separate shared libraries
warning: ninepe-server@1.0.0: Runtime will dynamically load appropriate backend per GPU
warning: ninepe-server@1.0.0: No static linking - using dlopen via libloading crate
    Checking ninepe-server v1.0.0 (/home/scott/Repo/9pe-server)
error: this file contains an unclosed delimiter
    --> src/consensus.rs:1311:17
     |
1167 | impl ConsensusCoordinator {
     |                           - unclosed delimiter
...
1311 | pub mod crypto;
     |                ^

warning: ninepe-server@1.0.0: Using pre-built Intel oneAPI SYCL library
warning: ninepe-server@1.0.0: Using pre-built AdaptiveCpp SYCL library
warning: ninepe-server@1.0.0: SYCL backends available: Intel oneAPI, AdaptiveCpp
warning: ninepe-server@1.0.0: Both backends built as separate shared libraries
warning: ninepe-server@1.0.0: Runtime will dynamically load appropriate backend per GPU
warning: ninepe-server@1.0.0: No static linking - using dlopen via libloading crate
error: could not compile `ninepe-server` (lib) due to 1 previous error
