warning: unused variable: `out_dir`
   --> build.rs:176:9
    |
176 |     let out_dir = PathBuf::from(env::var("OUT_DIR").unwrap());
    |         ^^^^^^^ help: if this is intentional, prefix it with an underscore: `_out_dir`
    |
    = note: `#[warn(unused_variables)]` on by default

warning: `ninepe-server` (build script) generated 1 warning
   Compiling ninepe-server v1.0.0 (/home/scott/Repo/9pe-server)
warning: ninepe-server@1.0.0: Using pre-built Intel oneAPI SYCL library
warning: ninepe-server@1.0.0: Using pre-built AdaptiveCpp SYCL library
warning: ninepe-server@1.0.0: SYCL backends available: Intel oneAPI, AdaptiveCpp
warning: ninepe-server@1.0.0: Both backends built as separate shared libraries
warning: ninepe-server@1.0.0: Runtime will dynamically load appropriate backend per GPU
warning: ninepe-server@1.0.0: No static linking - using dlopen via libloading crate
error: expected item, found keyword `let`
 --> src/server/handler/basic_ops.rs:7:13
  |
7 |             let _ = dag.add_block(block);
  |             ^^^ `let` cannot be used for global variables
  |
  = help: consider using `static` or `const` instead of `let`
  = note: for a full list of items that can appear in modules, see <https://doc.rust-lang.org/reference/items.html>

error[E0583]: file not found for module `xmx_impl`
 --> src/gpu/xmx.rs:7:1
  |
7 | pub mod xmx_impl;
  | ^^^^^^^^^^^^^^^^^
  |
  = help: to create the module `xmx_impl`, create file "src/gpu/xmx/xmx_impl.rs" or "src/gpu/xmx/xmx_impl/mod.rs"
  = note: if there is a `mod xmx_impl` elsewhere in the crate already, import it with `use crate::...` instead

error[E0433]: failed to resolve: use of unresolved module or unlinked crate `chacha20poly1305`
  --> src/crypto.rs:10:5
   |
10 | use chacha20poly1305::{
   |     ^^^^^^^^^^^^^^^^ use of unresolved module or unlinked crate `chacha20poly1305`
   |
   = help: if you wanted to use a crate named `chacha20poly1305`, use `cargo add chacha20poly1305` to add it to your `Cargo.toml`

error[E0432]: unresolved import `ed25519_dalek`
 --> src/consensus/crypto.rs:2:5
  |
2 | use ed25519_dalek::{SigningKey, VerifyingKey, Signer, Verifier, Signature};
  |     ^^^^^^^^^^^^^ use of unresolved module or unlinked crate `ed25519_dalek`
  |
  = help: if you wanted to use a crate named `ed25519_dalek`, use `cargo add ed25519_dalek` to add it to your `Cargo.toml`

error[E0432]: unresolved import `chacha20poly1305`
  --> src/crypto.rs:10:5
   |
10 | use chacha20poly1305::{
   |     ^^^^^^^^^^^^^^^^ use of unresolved module or unlinked crate `chacha20poly1305`
   |
   = help: if you wanted to use a crate named `chacha20poly1305`, use `cargo add chacha20poly1305` to add it to your `Cargo.toml`

error[E0432]: unresolved import `ed25519_dalek`
  --> src/crypto.rs:14:5
   |
14 | use ed25519_dalek::{SigningKey, VerifyingKey, Signature, Signer, Verifier};
   |     ^^^^^^^^^^^^^ use of unresolved module or unlinked crate `ed25519_dalek`
   |
   = help: if you wanted to use a crate named `ed25519_dalek`, use `cargo add ed25519_dalek` to add it to your `Cargo.toml`

error[E0432]: unresolved import `blake3`
  --> src/crypto.rs:26:5
   |
26 | use blake3;
   |     ^^^^^^ no external crate `blake3`

error[E0433]: failed to resolve: use of unresolved module or unlinked crate `rustls`
  --> src/transport.rs:10:5
   |
10 | use rustls::server::AllowAnyAuthenticatedClient;
   |     ^^^^^^ use of unresolved module or unlinked crate `rustls`
   |
   = help: if you wanted to use a crate named `rustls`, use `cargo add rustls` to add it to your `Cargo.toml`

error[E0432]: unresolved import `quinn`
 --> src/transport.rs:9:5
  |
9 | use quinn::{Endpoint, Connection as QuinnConnection, SendStream, RecvStream, ServerConfig, ClientConfig};
  |     ^^^^^ use of unresolved module or unlinked crate `quinn`
  |
  = help: if you wanted to use a crate named `quinn`, use `cargo add quinn` to add it to your `Cargo.toml`

error[E0432]: unresolved import `rustls`
  --> src/transport.rs:11:5
   |
11 | use rustls::{Certificate, PrivateKey};
   |     ^^^^^^ use of unresolved module or unlinked crate `rustls`
   |
   = help: if you wanted to use a crate named `rustls`, use `cargo add rustls` to add it to your `Cargo.toml`

error[E0432]: unresolved import `rustls`
  --> src/transport.rs:12:5
   |
12 | use rustls::Error as RustlsError;
   |     ^^^^^^ use of unresolved module or unlinked crate `rustls`
   |
   = help: if you wanted to use a crate named `rustls`, use `cargo add rustls` to add it to your `Cargo.toml`

error[E0432]: unresolved import `ed25519_dalek`
  --> src/identity.rs:11:5
   |
11 | use ed25519_dalek::{Signature, Signer, SigningKey, Verifier, VerifyingKey};
   |     ^^^^^^^^^^^^^ use of unresolved module or unlinked crate `ed25519_dalek`
   |
   = help: if you wanted to use a crate named `ed25519_dalek`, use `cargo add ed25519_dalek` to add it to your `Cargo.toml`

error[E0432]: unresolved import `p256`
  --> src/identity.rs:12:5
   |
12 | use p256::{NistP256, PublicKey as P256PublicKey, SecretKey as P256SecretKey};
   |     ^^^^ use of unresolved module or unlinked crate `p256`
   |
   = help: if you wanted to use a crate named `p256`, use `cargo add p256` to add it to your `Cargo.toml`

error[E0432]: unresolved import `x25519_dalek`
  --> src/identity.rs:18:5
   |
18 | use x25519_dalek::{PublicKey as X25519PublicKey, StaticSecret};
   |     ^^^^^^^^^^^^ use of unresolved module or unlinked crate `x25519_dalek`
   |
   = help: if you wanted to use a crate named `x25519_dalek`, use `cargo add x25519_dalek` to add it to your `Cargo.toml`

error[E0432]: unresolved import `rcgen`
   --> src/identity.rs:112:13
    |
112 |         use rcgen::{Certificate, CertificateParams, DistinguishedName, DnType};
    |             ^^^^^ use of unresolved module or unlinked crate `rcgen`
    |
    = help: if you wanted to use a crate named `rcgen`, use `cargo add rcgen` to add it to your `Cargo.toml`

error[E0432]: unresolved import `sha2`
   --> src/identity.rs:216:13
    |
216 |         use sha2::{Digest, Sha256};
    |             ^^^^ use of unresolved module or unlinked crate `sha2`
    |
    = help: if you wanted to use a crate named `sha2`, use `cargo add sha2` to add it to your `Cargo.toml`

error[E0432]: unresolved import `sha2`
  --> src/dht.rs:13:5
   |
13 | use sha2::Digest;
   |     ^^^^ use of unresolved module or unlinked crate `sha2`
   |
   = help: if you wanted to use a crate named `sha2`, use `cargo add sha2` to add it to your `Cargo.toml`

error[E0432]: unresolved import `ed25519_dalek`
 --> src/server/handler/auth.rs:4:5
  |
4 | use ed25519_dalek::{Signature, Verifier, VerifyingKey};
  |     ^^^^^^^^^^^^^ use of unresolved module or unlinked crate `ed25519_dalek`
  |
  = help: if you wanted to use a crate named `ed25519_dalek`, use `cargo add ed25519_dalek` to add it to your `Cargo.toml`

error[E0432]: unresolved import `sha2`
 --> src/server/handler/auth.rs:6:5
  |
6 | use sha2::{Digest, Sha256};
  |     ^^^^ use of unresolved module or unlinked crate `sha2`
  |
  = help: if you wanted to use a crate named `sha2`, use `cargo add sha2` to add it to your `Cargo.toml`

error[E0432]: unresolved import `ed25519_dalek`
  --> src/namespace_manager.rs:18:5
   |
18 | use ed25519_dalek::{Signature, Signer, SigningKey, Verifier, VerifyingKey};
   |     ^^^^^^^^^^^^^ use of unresolved module or unlinked crate `ed25519_dalek`
   |
   = help: if you wanted to use a crate named `ed25519_dalek`, use `cargo add ed25519_dalek` to add it to your `Cargo.toml`

error[E0432]: unresolved import `quinn`
  --> src/mesh.rs:17:5
   |
17 | use quinn::{Connection as QuinnConnection, Endpoint, RecvStream, SendStream, ServerConfig};
   |     ^^^^^ use of unresolved module or unlinked crate `quinn`
   |
   = help: if you wanted to use a crate named `quinn`, use `cargo add quinn` to add it to your `Cargo.toml`

error[E0432]: unresolved import `rustls`
  --> src/mesh.rs:18:5
   |
18 | use rustls::{Certificate, PrivateKey, ServerConfig as RustlsServerConfig};
   |     ^^^^^^ use of unresolved module or unlinked crate `rustls`
   |
   = help: if you wanted to use a crate named `rustls`, use `cargo add rustls` to add it to your `Cargo.toml`

error[E0433]: failed to resolve: use of unresolved module or unlinked crate `base64`
  --> src/compute_control.rs:14:5
   |
14 | use base64::engine::general_purpose::STANDARD as BASE64;
   |     ^^^^^^ use of unresolved module or unlinked crate `base64`
   |
   = help: if you wanted to use a crate named `base64`, use `cargo add base64` to add it to your `Cargo.toml`

error[E0432]: unresolved import `sha2`
    --> src/mesh.rs:1015:13
     |
1015 |         use sha2::{Digest, Sha256};
     |             ^^^^ use of unresolved module or unlinked crate `sha2`
     |
     = help: if you wanted to use a crate named `sha2`, use `cargo add sha2` to add it to your `Cargo.toml`

error[E0433]: failed to resolve: use of unresolved module or unlinked crate `proptest`
  --> src/consensus.rs:16:5
   |
16 | use proptest::prelude::*;
   |     ^^^^^^^^ use of unresolved module or unlinked crate `proptest`
   |
   = help: if you wanted to use a crate named `proptest`, use `cargo add proptest` to add it to your `Cargo.toml`

error[E0432]: unresolved import `base64`
  --> src/compute_control.rs:15:5
   |
15 | use base64::Engine;
   |     ^^^^^^ use of unresolved module or unlinked crate `base64`
   |
   = help: if you wanted to use a crate named `base64`, use `cargo add base64` to add it to your `Cargo.toml`

error[E0432]: unresolved import `blake3`
  --> src/consensus.rs:17:5
   |
17 | use blake3;
   |     ^^^^^^ no external crate `blake3`

error[E0433]: failed to resolve: use of unresolved module or unlinked crate `proptest`
  --> src/consensus.rs:61:13
   |
61 |         use proptest::array::uniform32;
   |             ^^^^^^^^ use of unresolved module or unlinked crate `proptest`
   |
   = help: if you wanted to use a crate named `proptest`, use `cargo add proptest` to add it to your `Cargo.toml`

error[E0432]: unresolved import `ed25519_dalek`
  --> src/consensus.rs:18:5
   |
18 | use ed25519_dalek::{Verifier, Signature, VerifyingKey};
   |     ^^^^^^^^^^^^^ use of unresolved module or unlinked crate `ed25519_dalek`
   |
   = help: if you wanted to use a crate named `ed25519_dalek`, use `cargo add ed25519_dalek` to add it to your `Cargo.toml`

error: cannot find derive macro `Arbitrary` in this scope
  --> src/protocol.rs:28:40
   |
28 | #[cfg_attr(feature = "testing", derive(Arbitrary))]
   |                                        ^^^^^^^^^
   |
note: `Arbitrary` is imported here, but it is only a trait, without a derive macro
  --> src/protocol.rs:9:5
   |
 9 | use arbitrary::Arbitrary;
   |     ^^^^^^^^^^^^^^^^^^^^

error: cannot find derive macro `Arbitrary` in this scope
   --> src/protocol.rs:279:40
    |
279 | #[cfg_attr(feature = "testing", derive(Arbitrary))]
    |                                        ^^^^^^^^^
    |
note: `Arbitrary` is imported here, but it is only a trait, without a derive macro
   --> src/protocol.rs:9:5
    |
  9 | use arbitrary::Arbitrary;
    |     ^^^^^^^^^^^^^^^^^^^^

error: cannot find derive macro `Arbitrary` in this scope
   --> src/protocol.rs:291:40
    |
291 | #[cfg_attr(feature = "testing", derive(Arbitrary))]
    |                                        ^^^^^^^^^
    |
note: `Arbitrary` is imported here, but it is only a trait, without a derive macro
   --> src/protocol.rs:9:5
    |
  9 | use arbitrary::Arbitrary;
    |     ^^^^^^^^^^^^^^^^^^^^

error: cannot find derive macro `Arbitrary` in this scope
  --> src/consensus.rs:25:40
   |
25 | #[cfg_attr(feature = "testing", derive(Arbitrary))]
   |                                        ^^^^^^^^^
   |
note: `Arbitrary` is imported here, but it is only a trait, without a derive macro
  --> src/consensus.rs:14:5
   |
14 | use arbitrary::Arbitrary;
   |     ^^^^^^^^^^^^^^^^^^^^

error: cannot find derive macro `Arbitrary` in this scope
    --> src/consensus.rs:1188:40
     |
1188 | #[cfg_attr(feature = "testing", derive(Arbitrary))]
     |                                        ^^^^^^^^^
     |
note: `Arbitrary` is imported here, but it is only a trait, without a derive macro
    --> src/consensus.rs:14:5
     |
  14 | use arbitrary::Arbitrary;
     |     ^^^^^^^^^^^^^^^^^^^^

error: cannot find derive macro `Arbitrary` in this scope
    --> src/consensus.rs:1198:40
     |
1198 | #[cfg_attr(feature = "testing", derive(Arbitrary))]
     |                                        ^^^^^^^^^
     |
note: `Arbitrary` is imported here, but it is only a trait, without a derive macro
    --> src/consensus.rs:14:5
     |
  14 | use arbitrary::Arbitrary;
     |     ^^^^^^^^^^^^^^^^^^^^

error[E0433]: failed to resolve: use of unresolved module or unlinked crate `proptest`
  --> src/consensus.rs:56:6
   |
56 | impl proptest::arbitrary::Arbitrary for GhostdagBlock {
   |      ^^^^^^^^ use of unresolved module or unlinked crate `proptest`
   |
   = help: if you wanted to use a crate named `proptest`, use `cargo add proptest` to add it to your `Cargo.toml`

error[E0433]: failed to resolve: use of unresolved module or unlinked crate `proptest`
  --> src/consensus.rs:58:21
   |
58 |     type Strategy = proptest::strategy::BoxedStrategy<Self>;
   |                     ^^^^^^^^ use of unresolved module or unlinked crate `proptest`
   |
   = help: if you wanted to use a crate named `proptest`, use `cargo add proptest` to add it to your `Cargo.toml`

error[E0433]: failed to resolve: use of unresolved module or unlinked crate `proptest`
  --> src/consensus.rs:64:13
   |
64 |             proptest::collection::vec(uniform32(any::<u8>()), 0..4),
   |             ^^^^^^^^ use of unresolved module or unlinked crate `proptest`
   |
   = help: if you wanted to use a crate named `proptest`, use `cargo add proptest` to add it to your `Cargo.toml`

error[E0433]: failed to resolve: use of unresolved module or unlinked crate `proptest`
  --> src/consensus.rs:69:13
   |
69 |             proptest::collection::vec(any::<u8>(), 0..1024),
   |             ^^^^^^^^ use of unresolved module or unlinked crate `proptest`
   |
   = help: if you wanted to use a crate named `proptest`, use `cargo add proptest` to add it to your `Cargo.toml`

error[E0433]: failed to resolve: use of unresolved module or unlinked crate `proptest`
  --> src/consensus.rs:71:13
   |
71 |             proptest::array::uniform64(any::<u8>()),
   |             ^^^^^^^^ use of unresolved module or unlinked crate `proptest`
   |
   = help: if you wanted to use a crate named `proptest`, use `cargo add proptest` to add it to your `Cargo.toml`

error[E0433]: failed to resolve: use of unresolved module or unlinked crate `rustls`
   --> src/transport.rs:378:21
    |
378 |     let mut roots = rustls::RootCertStore::empty();
    |                     ^^^^^^ use of unresolved module or unlinked crate `rustls`
    |
    = help: if you wanted to use a crate named `rustls`, use `cargo add rustls` to add it to your `Cargo.toml`

error[E0433]: failed to resolve: use of unresolved module or unlinked crate `sha2`
   --> src/dht.rs:707:26
    |
707 |         let mut hasher = sha2::Sha256::new();
    |                          ^^^^ use of unresolved module or unlinked crate `sha2`
    |
    = help: if you wanted to use a crate named `sha2`, use `cargo add sha2` to add it to your `Cargo.toml`

error[E0433]: failed to resolve: could not find `GpuHardware` in `gpu`
   --> src/server/handler/ninep_extensions.rs:128:25
    |
128 |             crate::gpu::GpuHardware::IntelArc | crate::gpu::GpuHardware::IntelAmx => {
    |                         ^^^^^^^^^^^
    |                         |
    |                         could not find `GpuHardware` in `gpu`
    |                         help: an enum with a similar name exists: `XmxHardware`

error[E0433]: failed to resolve: could not find `GpuHardware` in `gpu`
   --> src/server/handler/ninep_extensions.rs:128:61
    |
128 |             crate::gpu::GpuHardware::IntelArc | crate::gpu::GpuHardware::IntelAmx => {
    |                                                             ^^^^^^^^^^^
    |                                                             |
    |                                                             could not find `GpuHardware` in `gpu`
    |                                                             help: an enum with a similar name exists: `XmxHardware`

error[E0433]: failed to resolve: could not find `GpuHardware` in `gpu`
   --> src/server/handler/ninep_extensions.rs:130:57
    |
130 |                       if matches!(hardware, crate::gpu::GpuHardware::IntelArc) { 
    |                                                         ^^^^^^^^^^^
    |                                                         |
    |                                                         could not find `GpuHardware` in `gpu`
    |                                                         help: an enum with a similar name exists: `XmxHardware`

error[E0433]: failed to resolve: could not find `connection_state` in `super`
   --> src/server/handler/mod.rs:153:42
    |
153 |                 let auth_handle = super::connection_state::FileHandle {
    |                                          ^^^^^^^^^^^^^^^^ could not find `connection_state` in `super`

error[E0433]: failed to resolve: unresolved import
  --> src/server/mod.rs:90:16
   |
90 |         crate::util::log_execution_mode();
   |                ^^^^
   |                |
   |                unresolved import
   |                help: a similar path exists: `tracing_subscriber::util`

error[E0433]: failed to resolve: could not find `PublicKey` in `consensus`
   --> src/server/mod.rs:234:45
    |
234 |                     match crate::consensus::PublicKey::from_hex(
    |                                             ^^^^^^^^^ could not find `PublicKey` in `consensus`

error[E0433]: failed to resolve: unresolved import
   --> src/server/mod.rs:350:36
    |
350 |         let settrans_path = crate::util::get_settrans_directory();
    |                                    ^^^^
    |                                    |
    |                                    unresolved import
    |                                    help: a similar path exists: `tracing_subscriber::util`

error[E0433]: failed to resolve: unresolved import
  --> src/auto_mount.rs:95:28
   |
95 |         let n_dir = crate::util::get_n_directory();
   |                            ^^^^
   |                            |
   |                            unresolved import
   |                            help: a similar path exists: `tracing_subscriber::util`

error[E0433]: failed to resolve: unresolved import
   --> src/auto_mount.rs:101:29
    |
101 |         let n_path = crate::util::get_n_directory();
    |                             ^^^^
    |                             |
    |                             unresolved import
    |                             help: a similar path exists: `tracing_subscriber::util`

error[E0433]: failed to resolve: unresolved import
   --> src/auto_mount.rs:158:29
    |
158 |         let n_path = crate::util::get_n_directory();
    |                             ^^^^
    |                             |
    |                             unresolved import
    |                             help: a similar path exists: `tracing_subscriber::util`

error[E0433]: failed to resolve: unresolved import
   --> src/auto_mount.rs:319:33
    |
319 |             mount_point: crate::util::get_n_directory(),
    |                                 ^^^^
    |                                 |
    |                                 unresolved import
    |                                 help: a similar path exists: `tracing_subscriber::util`

error[E0433]: failed to resolve: unresolved import
   --> src/auto_mount.rs:372:44
    |
372 |                         let n_dir = crate::util::get_n_directory();
    |                                            ^^^^
    |                                            |
    |                                            unresolved import
    |                                            help: a similar path exists: `tracing_subscriber::util`

error[E0433]: failed to resolve: use of unresolved module or unlinked crate `quinn`
   --> src/mesh.rs:160:44
    |
160 |         server_config.transport = Arc::new(quinn::TransportConfig::default());
    |                                            ^^^^^ use of unresolved module or unlinked crate `quinn`
    |
    = help: if you wanted to use a crate named `quinn`, use `cargo add quinn` to add it to your `Cargo.toml`

error[E0433]: failed to resolve: use of unresolved module or unlinked crate `rcgen`
   --> src/mesh.rs:171:26
    |
171 |         let mut params = rcgen::CertificateParams::new(vec![self.node_id.clone()]);
    |                          ^^^^^ use of unresolved module or unlinked crate `rcgen`
    |
    = help: if you wanted to use a crate named `rcgen`, use `cargo add rcgen` to add it to your `Cargo.toml`

error[E0433]: failed to resolve: use of unresolved module or unlinked crate `rcgen`
   --> src/mesh.rs:172:37
    |
172 |         params.distinguished_name = rcgen::DistinguishedName::new();
    |                                     ^^^^^ use of unresolved module or unlinked crate `rcgen`
    |
    = help: if you wanted to use a crate named `rcgen`, use `cargo add rcgen` to add it to your `Cargo.toml`

error[E0433]: failed to resolve: use of unresolved module or unlinked crate `rcgen`
   --> src/mesh.rs:175:19
    |
175 |             .push(rcgen::DnType::CommonName, &self.node_id);
    |                   ^^^^^ use of unresolved module or unlinked crate `rcgen`
    |
    = help: if you wanted to use a crate named `rcgen`, use `cargo add rcgen` to add it to your `Cargo.toml`

error[E0433]: failed to resolve: use of unresolved module or unlinked crate `rcgen`
   --> src/mesh.rs:177:20
    |
177 |         let cert = rcgen::Certificate::from_params(params)
    |                    ^^^^^ use of unresolved module or unlinked crate `rcgen`
    |
    = help: if you wanted to use a crate named `rcgen`, use `cargo add rcgen` to add it to your `Cargo.toml`

error[E0433]: failed to resolve: use of unresolved module or unlinked crate `proptest`
  --> src/consensus.rs:68:13
   |
68 |             proptest::option::of(uniform32(any::<u8>())),
   |             ^^^^^^^^ use of unresolved module or unlinked crate `proptest`
   |
   = help: if you wanted to use a crate named `proptest`, use `cargo add proptest` to add it to your `Cargo.toml`
help: consider importing this struct
   |
11 + use libc::option;
   |
help: if you import `option`, refer to it directly
   |
68 -             proptest::option::of(uniform32(any::<u8>())),
68 +             option::of(uniform32(any::<u8>())),
   |

error[E0433]: failed to resolve: use of unresolved module or unlinked crate `rustls`
   --> src/transport.rs:354:29
    |
354 |     let mut server_config = rustls::ServerConfig::builder()
    |                             ^^^^^^ use of unresolved module or unlinked crate `rustls`
    |
    = help: if you wanted to use a crate named `rustls`, use `cargo add rustls` to add it to your `Cargo.toml`
help: consider importing one of these structs
    |
  4 + use crate::ServerConfig;
    |
  4 + use crate::config::ServerConfig;
    |
help: if you import `ServerConfig`, refer to it directly
    |
354 -     let mut server_config = rustls::ServerConfig::builder()
354 +     let mut server_config = ServerConfig::builder()
    |

error[E0412]: cannot find type `ThreadSafeTranslatorRegistry` in this scope
  --> src/server/mod.rs:40:30
   |
40 |     translator_registry: Arc<ThreadSafeTranslatorRegistry>,
   |                              ^^^^^^^^^^^^^^^^^^^^^^^^^^^^ not found in this scope
   |
note: found an item that was configured out
  --> src/server/mod.rs:23:18
   |
22 | #[cfg(feature = "translators")]
   |       ----------------------- the item is gated behind the `translators` feature
23 | use crate::wasm::ThreadSafeTranslatorRegistry;
   |                  ^^^^^^^^^^^^^^^^^^^^^^^^^^^^
help: consider importing this struct through its public re-export
   |
 3 + use crate::ThreadSafeTranslatorRegistry;
   |

error[E0412]: cannot find type `VirtualSettransSystem` in this scope
  --> src/server/mod.rs:41:26
   |
41 |     settrans_system: Arc<VirtualSettransSystem>,
   |                          ^^^^^^^^^^^^^^^^^^^^^ not found in this scope
   |
note: found an item that was configured out
  --> src/server/mod.rs:21:22
   |
20 | #[cfg(feature = "translators")]
   |       ----------------------- the item is gated behind the `translators` feature
21 | use crate::settrans::VirtualSettransSystem;
   |                      ^^^^^^^^^^^^^^^^^^^^^
help: consider importing this struct through its public re-export
   |
 3 + use crate::VirtualSettransSystem;
   |

error[E0412]: cannot find type `SyntheticFilesystem` in this scope
  --> src/server/mod.rs:42:19
   |
42 |     synth_fs: Arc<SyntheticFilesystem>,
   |                   ^^^^^^^^^^^^^^^^^^^ not found in this scope
   |
note: found an item that was configured out
  --> src/server/mod.rs:26:19
   |
25 | #[cfg(feature = "synthetic")]
   |       --------------------- the item is gated behind the `synthetic` feature
26 | use crate::synth::SyntheticFilesystem;
   |                   ^^^^^^^^^^^^^^^^^^^
help: consider importing this struct through its public re-export
   |
 3 + use crate::SyntheticFilesystem;
   |

error[E0433]: failed to resolve: use of undeclared type `SyntheticFilesystem`
   --> src/server/mod.rs:157:33
    |
157 |         let synth_fs = Arc::new(SyntheticFilesystem::new());
    |                                 ^^^^^^^^^^^^^^^^^^^ use of undeclared type `SyntheticFilesystem`
    |
note: found an item that was configured out
   --> src/server/mod.rs:26:19
    |
 25 | #[cfg(feature = "synthetic")]
    |       --------------------- the item is gated behind the `synthetic` feature
 26 | use crate::synth::SyntheticFilesystem;
    |                   ^^^^^^^^^^^^^^^^^^^
help: consider importing this struct through its public re-export
    |
  3 + use crate::SyntheticFilesystem;
    |

error[E0433]: failed to resolve: use of undeclared type `ThreadSafeTranslatorRegistry`
   --> src/server/mod.rs:161:44
    |
161 |         let translator_registry = Arc::new(ThreadSafeTranslatorRegistry::new(
    |                                            ^^^^^^^^^^^^^^^^^^^^^^^^^^^^ use of undeclared type `ThreadSafeTranslatorRegistry`
    |
note: found an item that was configured out
   --> src/server/mod.rs:23:18
    |
 22 | #[cfg(feature = "translators")]
    |       ----------------------- the item is gated behind the `translators` feature
 23 | use crate::wasm::ThreadSafeTranslatorRegistry;
    |                  ^^^^^^^^^^^^^^^^^^^^^^^^^^^^
help: consider importing this struct through its public re-export
    |
  3 + use crate::ThreadSafeTranslatorRegistry;
    |

error[E0433]: failed to resolve: use of undeclared type `VirtualSettransSystem`
   --> src/server/mod.rs:346:13
    |
346 |             VirtualSettransSystem::new(synth_fs.clone(), translator_registry.clone())
    |             ^^^^^^^^^^^^^^^^^^^^^ use of undeclared type `VirtualSettransSystem`
    |
note: found an item that was configured out
   --> src/server/mod.rs:21:22
    |
 20 | #[cfg(feature = "translators")]
    |       ----------------------- the item is gated behind the `translators` feature
 21 | use crate::settrans::VirtualSettransSystem;
    |                      ^^^^^^^^^^^^^^^^^^^^^
help: consider importing this struct through its public re-export
    |
  3 + use crate::VirtualSettransSystem;
    |

error[E0412]: cannot find type `ThreadSafeTranslatorRegistry` in this scope
   --> src/server/mod.rs:464:34
    |
464 |         translator_registry: Arc<ThreadSafeTranslatorRegistry>,
    |                                  ^^^^^^^^^^^^^^^^^^^^^^^^^^^^ not found in this scope
    |
note: found an item that was configured out
   --> src/server/mod.rs:23:18
    |
 22 | #[cfg(feature = "translators")]
    |       ----------------------- the item is gated behind the `translators` feature
 23 | use crate::wasm::ThreadSafeTranslatorRegistry;
    |                  ^^^^^^^^^^^^^^^^^^^^^^^^^^^^
help: consider importing this struct through its public re-export
    |
  3 + use crate::ThreadSafeTranslatorRegistry;
    |

error[E0412]: cannot find type `VirtualSettransSystem` in this scope
   --> src/server/mod.rs:465:30
    |
465 |         settrans_system: Arc<VirtualSettransSystem>,
    |                              ^^^^^^^^^^^^^^^^^^^^^ not found in this scope
    |
note: found an item that was configured out
   --> src/server/mod.rs:21:22
    |
 20 | #[cfg(feature = "translators")]
    |       ----------------------- the item is gated behind the `translators` feature
 21 | use crate::settrans::VirtualSettransSystem;
    |                      ^^^^^^^^^^^^^^^^^^^^^
help: consider importing this struct through its public re-export
    |
  3 + use crate::VirtualSettransSystem;
    |

error[E0412]: cannot find type `SyntheticFilesystem` in this scope
   --> src/server/mod.rs:466:23
    |
466 |         synth_fs: Arc<SyntheticFilesystem>,
    |                       ^^^^^^^^^^^^^^^^^^^ not found in this scope
    |
note: found an item that was configured out
   --> src/server/mod.rs:26:19
    |
 25 | #[cfg(feature = "synthetic")]
    |       --------------------- the item is gated behind the `synthetic` feature
 26 | use crate::synth::SyntheticFilesystem;
    |                   ^^^^^^^^^^^^^^^^^^^
help: consider importing this struct through its public re-export
    |
  3 + use crate::SyntheticFilesystem;
    |

error[E0425]: cannot find function `add_to_linker` in crate `wasmtime_wasi`
   --> src/wasm/threadsafe.rs:303:24
    |
303 |         wasmtime_wasi::add_to_linker(&mut linker, |data: &mut StoreData| &mut data.wasi)?;
    |                        ^^^^^^^^^^^^^ not found in `wasmtime_wasi`
    |
help: consider importing one of these functions
    |
  6 + use wasmtime_wasi::p0::wasi_unstable::add_to_linker;
    |
  6 + use wasmtime_wasi::p1::wasi_snapshot_preview1::add_to_linker;
    |
  6 + use wasmtime_wasi::p2::bindings::cli::environment::add_to_linker;
    |
  6 + use wasmtime_wasi::p2::bindings::cli::exit::add_to_linker;
    |
    = and 35 other candidates
help: if you import `add_to_linker`, refer to it directly
    |
303 -         wasmtime_wasi::add_to_linker(&mut linker, |data: &mut StoreData| &mut data.wasi)?;
303 +         add_to_linker(&mut linker, |data: &mut StoreData| &mut data.wasi)?;
    |

error[E0425]: cannot find value `VERSION` in the crate root
   --> src/stats.rs:187:35
    |
187 |         Ok(format!("{}\n", crate::VERSION).into_bytes())
    |                                   ^^^^^^^ not found in the crate root

error[E0425]: cannot find value `VERSION` in the crate root
   --> src/stats.rs:257:20
    |
257 |             crate::VERSION
    |                    ^^^^^^^ not found in the crate root

warning: unused import: `Context`
 --> src/consensus/crypto.rs:1:14
  |
1 | use anyhow::{Context, Result};
  |              ^^^^^^^
  |
  = note: `#[warn(unused_imports)]` on by default

warning: unused import: `RngCore`
 --> src/consensus/crypto.rs:3:25
  |
3 | use rand::{rngs::OsRng, RngCore};
  |                         ^^^^^^^

warning: unused import: `SystemTime`
  --> src/transport.rs:17:27
   |
17 | use std::time::{Duration, SystemTime};
   |                           ^^^^^^^^^^

warning: ambiguous glob re-exports
   --> src/lib.rs:54:9
    |
 54 | pub use protocol::*;
    |         ^^^^^^^^^^^ the name `ProtocolError` in the type namespace is first re-exported here
...
133 | pub use error::*;
    |         -------- but the name `ProtocolError` in the type namespace is also re-exported here
    |
    = note: `#[warn(ambiguous_glob_reexports)]` on by default

warning: ambiguous glob re-exports
  --> src/lib.rs:56:9
   |
56 | pub use translators::*;
   |         ^^^^^^^^^^^^^^ the name `TranslatorInfo` in the type namespace is first re-exported here
...
85 | pub use settrans::*;
   |         ----------- but the name `TranslatorInfo` in the type namespace is also re-exported here

warning: ambiguous glob re-exports
   --> src/lib.rs:83:9
    |
 83 | pub use server::*;
    |         ^^^^^^^^^ the name `ServerConfig` in the type namespace is first re-exported here
...
124 | pub use config::*;
    |         --------- but the name `ServerConfig` in the type namespace is also re-exported here

warning: unused import: `WorkReceipt`
  --> src/mesh.rs:25:67
   |
25 | use crate::identity::{NodeId, NodePermissions, SovereignIdentity, WorkReceipt};
   |                                                                   ^^^^^^^^^^^

error[E0204]: the trait `std::marker::Copy` cannot be implemented for this type
    --> src/consensus.rs:1197:24
     |
1197 | #[derive(Debug, Clone, Copy, PartialEq, Eq, Serialize, Deserialize)]
     |                        ^^^^
...
1204 |         path: String,
     |         ------------ this field does not implement `std::marker::Copy`
...
1223 |         signature: Vec<u8>,
     |         ------------------ this field does not implement `std::marker::Copy`

error[E0433]: failed to resolve: use of unresolved module or unlinked crate `serde_arrays`
  --> src/consensus.rs:42:20
   |
42 |     #[serde(with = "serde_arrays")]
   |                    ^^^^^^^^^^^^^^ use of unresolved module or unlinked crate `serde_arrays`
   |
   = help: if you wanted to use a crate named `serde_arrays`, use `cargo add serde_arrays` to add it to your `Cargo.toml`

error[E0433]: failed to resolve: use of unresolved module or unlinked crate `serde_arrays`
  --> src/consensus.rs:45:20
   |
45 |     #[serde(with = "serde_arrays")]
   |                    ^^^^^^^^^^^^^^ use of unresolved module or unlinked crate `serde_arrays`
   |
   = help: if you wanted to use a crate named `serde_arrays`, use `cargo add serde_arrays` to add it to your `Cargo.toml`

error[E0433]: failed to resolve: use of unresolved module or unlinked crate `blake3`
   --> src/synthetic.rs:925:28
    |
925 |         let content_hash = blake3::hash(&content);
    |                            ^^^^^^ use of unresolved module or unlinked crate `blake3`
    |
    = help: if you wanted to use a crate named `blake3`, use `cargo add blake3` to add it to your `Cargo.toml`

error[E0433]: failed to resolve: use of unresolved module or unlinked crate `blake3`
   --> src/synthetic.rs:930:26
    |
930 |         let param_hash = blake3::hash(param_str.as_bytes());
    |                          ^^^^^^ use of unresolved module or unlinked crate `blake3`
    |
    = help: if you wanted to use a crate named `blake3`, use `cargo add blake3` to add it to your `Cargo.toml`

error[E0433]: failed to resolve: use of unresolved module or unlinked crate `serde_arrays`
  --> src/crypto.rs:60:20
   |
60 |     #[serde(with = "serde_arrays")]
   |                    ^^^^^^^^^^^^^^ use of unresolved module or unlinked crate `serde_arrays`
   |
   = help: if you wanted to use a crate named `serde_arrays`, use `cargo add serde_arrays` to add it to your `Cargo.toml`

error[E0433]: failed to resolve: use of unresolved module or unlinked crate `serde_arrays`
  --> src/crypto.rs:64:20
   |
64 |     #[serde(with = "serde_arrays")]
   |                    ^^^^^^^^^^^^^^ use of unresolved module or unlinked crate `serde_arrays`
   |
   = help: if you wanted to use a crate named `serde_arrays`, use `cargo add serde_arrays` to add it to your `Cargo.toml`

error[E0433]: failed to resolve: use of unresolved module or unlinked crate `serde_arrays`
  --> src/crypto.rs:68:20
   |
68 |     #[serde(with = "serde_arrays")]
   |                    ^^^^^^^^^^^^^^ use of unresolved module or unlinked crate `serde_arrays`
   |
   = help: if you wanted to use a crate named `serde_arrays`, use `cargo add serde_arrays` to add it to your `Cargo.toml`

error[E0433]: failed to resolve: use of unresolved module or unlinked crate `serde_arrays`
  --> src/crypto.rs:81:20
   |
81 |     #[serde(with = "serde_arrays")]
   |                    ^^^^^^^^^^^^^^ use of unresolved module or unlinked crate `serde_arrays`
   |
   = help: if you wanted to use a crate named `serde_arrays`, use `cargo add serde_arrays` to add it to your `Cargo.toml`

error[E0433]: failed to resolve: use of unresolved module or unlinked crate `webpki_roots`
   --> src/transport.rs:379:18
    |
379 |     roots.extend(webpki_roots::TLS_SERVER_ROOTS.iter().cloned());
    |                  ^^^^^^^^^^^^ use of unresolved module or unlinked crate `webpki_roots`
    |
    = help: if you wanted to use a crate named `webpki_roots`, use `cargo add webpki_roots` to add it to your `Cargo.toml`

error[E0433]: failed to resolve: use of unresolved module or unlinked crate `rcgen`
   --> src/identity.rs:119:29
    |
119 |         params.not_before = rcgen::date_time_ymd(2026, 1, 1);
    |                             ^^^^^ use of unresolved module or unlinked crate `rcgen`
    |
    = help: if you wanted to use a crate named `rcgen`, use `cargo add rcgen` to add it to your `Cargo.toml`

error[E0433]: failed to resolve: use of unresolved module or unlinked crate `rcgen`
   --> src/identity.rs:120:28
    |
120 |         params.not_after = rcgen::date_time_ymd(2036, 1, 1); // 10-year validity
    |                            ^^^^^ use of unresolved module or unlinked crate `rcgen`
    |
    = help: if you wanted to use a crate named `rcgen`, use `cargo add rcgen` to add it to your `Cargo.toml`

error[E0433]: failed to resolve: use of unresolved module or unlinked crate `rcgen`
   --> src/mesh.rs:170:46
    |
170 |     fn generate_certificate(&self) -> Result<rcgen::Certificate> {
    |                                              ^^^^^ use of unresolved module or unlinked crate `rcgen`
    |
    = help: if you wanted to use a crate named `rcgen`, use `cargo add rcgen` to add it to your `Cargo.toml`

error[E0425]: cannot find function `any` in this scope
  --> src/consensus.rs:63:23
   |
63 |             uniform32(any::<u8>()),
   |                       ^^^ not found in this scope

error[E0425]: cannot find function `any` in this scope
  --> src/consensus.rs:64:49
   |
64 |             proptest::collection::vec(uniform32(any::<u8>()), 0..4),
   |                                                 ^^^ not found in this scope

error[E0425]: cannot find function `any` in this scope
  --> src/consensus.rs:65:13
   |
65 |             any::<u64>(),
   |             ^^^ not found in this scope

error[E0425]: cannot find function `any` in this scope
  --> src/consensus.rs:66:13
   |
66 |             any::<u64>(),
   |             ^^^ not found in this scope

error[E0425]: cannot find function `any` in this scope
  --> src/consensus.rs:67:13
   |
67 |             any::<u64>(),
   |             ^^^ not found in this scope

error[E0425]: cannot find function `any` in this scope
  --> src/consensus.rs:68:44
   |
68 |             proptest::option::of(uniform32(any::<u8>())),
   |                                            ^^^ not found in this scope

error[E0425]: cannot find function `any` in this scope
  --> src/consensus.rs:69:39
   |
69 |             proptest::collection::vec(any::<u8>(), 0..1024),
   |                                       ^^^ not found in this scope

error[E0425]: cannot find function `any` in this scope
  --> src/consensus.rs:70:23
   |
70 |             uniform32(any::<u8>()),
   |                       ^^^ not found in this scope

error[E0425]: cannot find function `any` in this scope
  --> src/consensus.rs:71:40
   |
71 |             proptest::array::uniform64(any::<u8>()),
   |                                        ^^^ not found in this scope

error[E0425]: cannot find function `any` in this scope
  --> src/consensus.rs:72:13
   |
72 |             any::<u64>(), // pow_nonce
   |             ^^^ not found in this scope

error[E0425]: cannot find function `any` in this scope
  --> src/consensus.rs:73:13
   |
73 |             any::<u64>(), // pow_context
   |             ^^^ not found in this scope

error[E0425]: cannot find function `any` in this scope
  --> src/consensus.rs:74:13
   |
74 |             any::<u32>(), // pow_difficulty
   |             ^^^ not found in this scope

error[E0425]: cannot find function `configure_client_pinned` in this scope
   --> src/transport.rs:325:29
    |
325 |         let client_config = configure_client_pinned(record.certificate_der)?;
    |                             ^^^^^^^^^^^^^^^^^^^^^^^ help: a function with a similar name exists: `configure_client`
...
377 | fn configure_client() -> Result<ClientConfig, ProtocolError> {
    | ------------------------------------------------------------ similarly named function `configure_client` defined here

error[E0425]: cannot find function `configure_client_pinned` in this scope
   --> src/transport.rs:343:29
    |
343 |         let client_config = configure_client_pinned(record.certificate_der)?;
    |                             ^^^^^^^^^^^^^^^^^^^^^^^ help: a function with a similar name exists: `configure_client`
...
377 | fn configure_client() -> Result<ClientConfig, ProtocolError> {
    | ------------------------------------------------------------ similarly named function `configure_client` defined here

Some errors have detailed explanations: E0204, E0412, E0425, E0432, E0433, E0583.
For more information about an error, try `rustc --explain E0204`.
warning: `ninepe-server` (lib) generated 7 warnings
warning: ninepe-server@1.0.0: Using pre-built Intel oneAPI SYCL library
warning: ninepe-server@1.0.0: Using pre-built AdaptiveCpp SYCL library
warning: ninepe-server@1.0.0: SYCL backends available: Intel oneAPI, AdaptiveCpp
warning: ninepe-server@1.0.0: Both backends built as separate shared libraries
warning: ninepe-server@1.0.0: Runtime will dynamically load appropriate backend per GPU
warning: ninepe-server@1.0.0: No static linking - using dlopen via libloading crate
error: could not compile `ninepe-server` (lib) due to 100 previous errors; 7 warnings emitted
