warning: unused variable: `out_dir`
   --> build.rs:176:9
    |
176 |     let out_dir = PathBuf::from(env::var("OUT_DIR").unwrap());
    |         ^^^^^^^ help: if this is intentional, prefix it with an underscore: `_out_dir`
    |
    = note: `#[warn(unused_variables)]` on by default

warning: `ninepe-server` (build script) generated 1 warning
warning: ninepe-server@1.0.0: Using pre-built Intel oneAPI SYCL library
warning: ninepe-server@1.0.0: Using pre-built AdaptiveCpp SYCL library
warning: ninepe-server@1.0.0: SYCL backends available: Intel oneAPI, AdaptiveCpp
warning: ninepe-server@1.0.0: Both backends built as separate shared libraries
warning: ninepe-server@1.0.0: Runtime will dynamically load appropriate backend per GPU
warning: ninepe-server@1.0.0: No static linking - using dlopen via libloading crate
    Checking ninepe-server v1.0.0 (/home/scott/Repo/9pe-server)
warning: unused import: `Context`
 --> src/consensus/crypto.rs:1:14
  |
1 | use anyhow::{Context, Result};
  |              ^^^^^^^
  |
  = note: `#[warn(unused_imports)]` on by default

warning: unused import: `RngCore`
 --> src/consensus/crypto.rs:3:25
  |
3 | use rand::{rngs::OsRng, RngCore};
  |                         ^^^^^^^

warning: unused import: `rustls::server::AllowAnyAuthenticatedClient`
  --> src/transport.rs:10:5
   |
10 | use rustls::server::AllowAnyAuthenticatedClient;
   |     ^^^^^^^^^^^^^^^^^^^^^^^^^^^^^^^^^^^^^^^^^^^

warning: unused import: `rustls::Error as RustlsError`
  --> src/transport.rs:12:5
   |
12 | use rustls::Error as RustlsError;
   |     ^^^^^^^^^^^^^^^^^^^^^^^^^^^^

warning: unused import: `SystemTime`
  --> src/transport.rs:17:27
   |
17 | use std::time::{Duration, SystemTime};
   |                           ^^^^^^^^^^

warning: unused import: `NistP256`
  --> src/identity.rs:12:12
   |
12 | use p256::{NistP256, PublicKey as P256PublicKey, SecretKey as P256SecretKey};
   |            ^^^^^^^^

warning: ambiguous glob re-exports
   --> src/lib.rs:61:9
    |
 61 | pub use protocol::*;
    |         ^^^^^^^^^^^ the name `ProtocolError` in the type namespace is first re-exported here
...
140 | pub use error::*;
    |         -------- but the name `ProtocolError` in the type namespace is also re-exported here
    |
    = note: `#[warn(ambiguous_glob_reexports)]` on by default

warning: ambiguous glob re-exports
  --> src/lib.rs:63:9
   |
63 | pub use translators::*;
   |         ^^^^^^^^^^^^^^ the name `TranslatorInfo` in the type namespace is first re-exported here
...
92 | pub use settrans::*;
   |         ----------- but the name `TranslatorInfo` in the type namespace is also re-exported here

warning: unused import: `BoundedGhostdag`
 --> src/server/handler/basic_ops.rs:3:24
  |
3 | use crate::consensus::{BoundedGhostdag, NamespaceOp};
  |                        ^^^^^^^^^^^^^^^

warning: unused import: `crate::consensus::BoundedGhostdag`
  --> src/server/handler/mod.rs:13:5
   |
13 | use crate::consensus::BoundedGhostdag;
   |     ^^^^^^^^^^^^^^^^^^^^^^^^^^^^^^^^^

warning: unused import: `WasiCtx`
  --> src/wasm/threadsafe.rs:20:21
   |
20 | use wasmtime_wasi::{WasiCtx, WasiCtxBuilder};
   |                     ^^^^^^^

warning: ambiguous glob re-exports
   --> src/lib.rs:90:9
    |
 90 | pub use server::*;
    |         ^^^^^^^^^ the name `ServerConfig` in the type namespace is first re-exported here
...
131 | pub use config::*;
    |         --------- but the name `ServerConfig` in the type namespace is also re-exported here

warning: unused imports: `BlockState` and `BoundedGhostdag`
  --> src/namespace_manager.rs:10:17
   |
10 |     consensus::{BlockState, BoundedGhostdag, NamespaceOp},
   |                 ^^^^^^^^^^  ^^^^^^^^^^^^^^^

warning: unused import: `crate::consensus::GhostdagBlock as Block`
   --> src/namespace_manager.rs:401:17
    |
401 |             use crate::consensus::GhostdagBlock as Block;
    |                 ^^^^^^^^^^^^^^^^^^^^^^^^^^^^^^^^^^^^^^^^

warning: unused import: `crate::consensus::GhostdagBlock as Block`
   --> src/namespace_manager.rs:604:17
    |
604 |             use crate::consensus::GhostdagBlock as Block;
    |                 ^^^^^^^^^^^^^^^^^^^^^^^^^^^^^^^^^^^^^^^^

warning: unused import: `WorkReceipt`
  --> src/mesh.rs:25:67
   |
25 | use crate::identity::{NodeId, NodePermissions, SovereignIdentity, WorkReceipt};
   |                                                                   ^^^^^^^^^^^

warning: ambiguous glob re-exports
   --> src/lib.rs:136:9
    |
136 | pub use compute_control::*;
    |         ^^^^^^^^^^^^^^^^^^ the name `JobStatus` in the type namespace is first re-exported here
...
142 | pub use traits::*;
    |         --------- but the name `JobStatus` in the type namespace is also re-exported here

warning: ambiguous glob re-exports
   --> src/lib.rs:136:9
    |
136 | pub use compute_control::*;
    |         ^^^^^^^^^^^^^^^^^^ the name `ComputeJob` in the type namespace is first re-exported here
...
142 | pub use traits::*;
    |         --------- but the name `ComputeJob` in the type namespace is also re-exported here

warning: unused import: `std::sync::Arc`
 --> src/traits.rs:4:5
  |
4 | use std::sync::Arc;
  |     ^^^^^^^^^^^^^^

warning: ambiguous glob re-exports
   --> src/lib.rs:142:9
    |
135 | pub use sycl::*;
    |         ------- but the name `DeviceInfo` in the type namespace is also re-exported here
...
142 | pub use traits::*;
    |         ^^^^^^^^^ the name `DeviceInfo` in the type namespace is first re-exported here

warning: unused variable: `record`
   --> src/transport.rs:320:13
    |
320 |         let record = dht
    |             ^^^^^^ help: if this is intentional, prefix it with an underscore: `_record`
    |
    = note: `#[warn(unused_variables)]` on by default

warning: unused variable: `now`
   --> src/server/handler/basic_ops.rs:499:25
    |
499 |                     let now = std::time::SystemTime::now()
    |                         ^^^ help: if this is intentional, prefix it with an underscore: `_now`

error[E0599]: no function or associated item named `from_hex` found for struct `VerifyingKey` in the current scope
   --> src/server/mod.rs:233:56
    |
233 |                     match crate::consensus::PublicKey::from_hex(
    |                                                        ^^^^^^^^ function or associated item not found in `VerifyingKey`
    |
note: if you're trying to build a new `VerifyingKey`, consider using `VerifyingKey::from_bytes` which returns `std::result::Result<VerifyingKey, ed25519_dalek::ed25519::Error>`
   --> /home/scott/.cargo/registry/src/index.crates.io-1949cf8c6b5b557f/ed25519-dalek-2.2.0/src/verifying.rs:165:5
    |
165 |     pub fn from_bytes(bytes: &[u8; PUBLIC_KEY_LENGTH]) -> Result<VerifyingKey, SignatureError> {
    |     ^^^^^^^^^^^^^^^^^^^^^^^^^^^^^^^^^^^^^^^^^^^^^^^^^^^^^^^^^^^^^^^^^^^^^^^^^^^^^^^^^^^^^^^^^^
help: there is an associated function `from` with a similar name
   --> /rustc/1159e78c4747b02ef996e55082b704c09b970588/library/core/src/convert/mod.rs:596:5

error[E0277]: `()` is not a future
   --> src/server/mod.rs:240:34
    |
240 | ...                   .await;
    |                        ^^^^^ `()` is not a future
    |
    = help: the trait `futures::Future` is not implemented for `()`
    = note: () must be a future or must implement `IntoFuture` to be awaited
    = note: required for `()` to implement `std::future::IntoFuture`
help: remove the `.await`
    |
240 -                                 .await;
240 +                                 ;
    |

error[E0609]: no field `peer_id` on type `server::ServerConfig`
   --> src/server/mod.rs:433:61
    |
433 |                         if let Some(peer_id) = &self.config.peer_id {
    |                                                             ^^^^^^^ unknown field
    |
    = note: available fields are: `network`, `transport`, `root_directory`, `max_message_size`, `worker_threads` ... and 14 others

warning: variable does not need to be mutable
   --> src/wasm/threadsafe.rs:990:13
    |
990 |         let mut result = vec![0f32; a.len()];
    |             ----^^^^^^
    |             |
    |             help: remove this `mut`
    |
    = note: `#[warn(unused_mut)]` on by default

error[E0599]: no function or associated item named `generate` found for struct `ed25519_dalek::SigningKey` in the current scope
   --> src/consensus/crypto.rs:16:35
    |
 16 |         let keypair = SigningKey::generate(&mut csprng);
    |                                   ^^^^^^^^ function or associated item not found in `ed25519_dalek::SigningKey`
    |
note: if you're trying to build a new `ed25519_dalek::SigningKey` consider using one of the following associated functions:
      ed25519_dalek::SigningKey::from_bytes
      ed25519_dalek::SigningKey::from_keypair_bytes
   --> /home/scott/.cargo/registry/src/index.crates.io-1949cf8c6b5b557f/ed25519-dalek-2.2.0/src/signing.rs:104:5
    |
104 |     pub fn from_bytes(secret_key: &SecretKey) -> Self {
    |     ^^^^^^^^^^^^^^^^^^^^^^^^^^^^^^^^^^^^^^^^^^^^^^^^^
...
138 |     pub fn from_keypair_bytes(bytes: &[u8; 64]) -> Result<SigningKey, SignatureError> {
    |     ^^^^^^^^^^^^^^^^^^^^^^^^^^^^^^^^^^^^^^^^^^^^^^^^^^^^^^^^^^^^^^^^^^^^^^^^^^^^^^^^^

error[E0271]: expected `Iter<'_, TrustAnchor<'_>>` to be an iterator that yields `&OwnedTrustAnchor`, but it yields `&TrustAnchor<'_>`
   --> src/transport.rs:379:24
    |
379 |     roots.roots.extend(webpki_roots::TLS_SERVER_ROOTS.iter().cloned());
    |                 ------ ^^^^^^^^^^^^^^^^^^^^^^^^^^^^^^^^^^^^^^^^^^^^^^ expected `&OwnedTrustAnchor`, found `&TrustAnchor<'_>`
    |                 |
    |                 required by a bound introduced by this call
    |
    = note: expected reference `&OwnedTrustAnchor`
               found reference `&rustls_pki_types::TrustAnchor<'_>`
    = note: required for `Cloned<std::slice::Iter<'_, rustls_pki_types::TrustAnchor<'_>>>` to implement `Iterator`
note: required by a bound in `std::iter::Extend::extend`
   --> /rustc/1159e78c4747b02ef996e55082b704c09b970588/library/core/src/iter/traits/collect.rs:413:5

error[E0308]: mismatched types
   --> src/dht.rs:427:40
    |
427 |                 PeerId::from_multihash(multihash).ok()
    |                 ---------------------- ^^^^^^^^^ expected `Multihash<64>`, found `PeerId`
    |                 |
    |                 arguments to this function are incorrect
    |
    = note: expected struct `Multihash<64>`
               found struct `PeerId`
note: associated function defined here
   --> /home/scott/.cargo/registry/src/index.crates.io-1949cf8c6b5b557f/libp2p-identity-0.2.13/src/peer_id.rs:94:12
    |
 94 |     pub fn from_multihash(multihash: Multihash) -> Result<PeerId, Multihash> {
    |            ^^^^^^^^^^^^^^
help: call `Into::into` on this expression to convert `PeerId` into `Multihash<64>`
    |
427 |                 PeerId::from_multihash(multihash.into()).ok()
    |                                                 +++++++

error[E0308]: mismatched types
    --> src/consensus_control.rs:233:60
     |
 233 |         let peers: Vec<PeerEntry> = serde_json::from_value(peers_val)?;
     |                                     ---------------------- ^^^^^^^^^ expected `Value`, found `Vec<String>`
     |                                     |
     |                                     arguments to this function are incorrect
     |
     = note: expected enum `serde_json::Value`
              found struct `Vec<std::string::String>`
note: function defined here
    --> /home/scott/.cargo/registry/src/index.crates.io-1949cf8c6b5b557f/serde_json-1.0.145/src/value/mod.rs:1037:8
     |
1037 | pub fn from_value<T>(value: Value) -> Result<T, Error>
     |        ^^^^^^^^^^
help: call `Into::into` on this expression to convert `Vec<std::string::String>` into `serde_json::Value`
     |
 233 |         let peers: Vec<PeerEntry> = serde_json::from_value(peers_val.into())?;
     |                                                                     +++++++

error[E0382]: borrow of moved value: `endpoint_clone`
   --> src/transport.rs:195:40
    |
195 |             while let Some(incoming) = endpoint_clone.accept().await {
    |                                        ^^^^^^^^^^^^^^ value borrowed here after move
196 |                 let sender = sender.clone();
197 |                 tokio::spawn(async move {
    |                              ---------- value moved here, in previous iteration of loop
    |
    = note: move occurs because `endpoint_clone` has type `quinn::Endpoint`, which does not implement the `Copy` trait

warning: variable does not need to be mutable
   --> src/transport.rs:354:9
    |
354 |     let mut server_config = rustls::ServerConfig::builder()
    |         ----^^^^^^^^^^^^^
    |         |
    |         help: remove this `mut`

warning: unused variable: `b`
   --> src/gpu/xmx.rs:113:5
    |
113 |     b: &[f32],
    |     ^ help: if this is intentional, prefix it with an underscore: `_b`

warning: unused variable: `precision`
   --> src/gpu/xmx.rs:114:5
    |
114 |     precision: XmxPrecision,
    |     ^^^^^^^^^ help: if this is intentional, prefix it with an underscore: `_precision`

error[E0391]: cycle detected when computing type of opaque `mesh::<impl at src/mesh.rs:46:1: 46:17>::handle_peer_message::{opaque#0}`
    --> src/mesh.rs:809:5
     |
 809 |     async fn handle_peer_message(&self, peer_id: &str, message: MeshMessage) -> Result<()> {
     |     ^^^^^^^^^^^^^^^^^^^^^^^^^^^^^^^^^^^^^^^^^^^^^^^^^^^^^^^^^^^^^^^^^^^^^^^^^^^^^^^^^^^^^^
     |
note: ...which requires borrow-checking `mesh::<impl at src/mesh.rs:46:1: 46:17>::handle_peer_message`...
    --> src/mesh.rs:809:5
     |
 809 |     async fn handle_peer_message(&self, peer_id: &str, message: MeshMessage) -> Result<()> {
     |     ^^^^^^^^^^^^^^^^^^^^^^^^^^^^^^^^^^^^^^^^^^^^^^^^^^^^^^^^^^^^^^^^^^^^^^^^^^^^^^^^^^^^^^
     = note: ...which requires evaluating `type_op_prove_predicate` `ProvePredicate { predicate: Binder { value: TraitPredicate(<core::pin::Pin<alloc::boxed::Box<{async block@src/mesh.rs:831:101: 831:111}>> as core::ops::unsize::CoerceUnsized<core::pin::Pin<alloc::boxed::Box<dyn core::future::future::Future<Output = ()> + core::marker::Send>>>>, polarity:Positive), bound_vars: [] } }`...
     = note: ...which requires evaluating trait selection obligation `{async block@src/mesh.rs:831:101: 831:111}: core::marker::Send`...
note: ...which requires computing type of opaque `mesh::<impl at src/mesh.rs:46:1: 46:17>::try_connect::{opaque#0}`...
    --> src/mesh.rs:1033:5
     |
1033 |     async fn try_connect(&self, addr: SocketAddr, expected_peer: Option<String>) -> Result<()> {
     |     ^^^^^^^^^^^^^^^^^^^^^^^^^^^^^^^^^^^^^^^^^^^^^^^^^^^^^^^^^^^^^^^^^^^^^^^^^^^^^^^^^^^^^^^^^^
note: ...which requires borrow-checking `mesh::<impl at src/mesh.rs:46:1: 46:17>::try_connect`...
    --> src/mesh.rs:1033:5
     |
1033 |     async fn try_connect(&self, addr: SocketAddr, expected_peer: Option<String>) -> Result<()> {
     |     ^^^^^^^^^^^^^^^^^^^^^^^^^^^^^^^^^^^^^^^^^^^^^^^^^^^^^^^^^^^^^^^^^^^^^^^^^^^^^^^^^^^^^^^^^^
     = note: ...which requires evaluating `type_op_prove_predicate` `ProvePredicate { predicate: Binder { value: TraitPredicate(<core::pin::Pin<alloc::boxed::Box<{async block@src/mesh.rs:1121:105: 1121:115}>> as core::ops::unsize::CoerceUnsized<core::pin::Pin<alloc::boxed::Box<dyn core::future::future::Future<Output = ()> + core::marker::Send>>>>, polarity:Positive), bound_vars: [] } }`...
     = note: ...which again requires computing type of opaque `mesh::<impl at src/mesh.rs:46:1: 46:17>::handle_peer_message::{opaque#0}`, completing the cycle
     = note: cycle used when evaluating trait selection obligation `{async block@src/mesh.rs:298:34: 298:44}: core::marker::Send`
     = note: see https://rustc-dev-guide.rust-lang.org/overview.html#queries and https://rustc-dev-guide.rust-lang.org/query.html for more information

Some errors have detailed explanations: E0271, E0277, E0308, E0382, E0391, E0599, E0609.
For more information about an error, try `rustc --explain E0271`.
warning: `ninepe-server` (lib) generated 26 warnings
warning: ninepe-server@1.0.0: Using pre-built Intel oneAPI SYCL library
warning: ninepe-server@1.0.0: Using pre-built AdaptiveCpp SYCL library
warning: ninepe-server@1.0.0: SYCL backends available: Intel oneAPI, AdaptiveCpp
warning: ninepe-server@1.0.0: Both backends built as separate shared libraries
warning: ninepe-server@1.0.0: Runtime will dynamically load appropriate backend per GPU
warning: ninepe-server@1.0.0: No static linking - using dlopen via libloading crate
error: could not compile `ninepe-server` (lib) due to 9 previous errors; 26 warnings emitted
